[bslthemes.site/html/ryan/index-new-demo-1.html]
[backblue.gif]
[fade.gif]
[index.html]
[bslthemes.site/html/ryan/css/basic.css]
[bslthemes.site/html/ryan/css/layout.css]
[bslthemes.site/html/ryan/css/blogs.css]
[bslthemes.site/html/ryan/css/ionicons.css]
[bslthemes.site/html/ryan/css/magnific-popup.css]
[bslthemes.site/html/ryan/css/animate.css]
[bslthemes.site/html/ryan/css/owl.carousel.css]
[bslthemes.site/html/ryan/css/gradient.css]
[bslthemes.site/html/ryan/css/new-skin/new-skin.css]
[bslthemes.site/html/ryan/css/demos/demo-1-colors.css]
[bslthemes.site/html/ryan/images/favicons/favicon.ico]
[bslthemes.site/html/ryan/images/man5_big.jpg]
[bslthemes.site/html/ryan/images/clients/client_1.png]
[bslthemes.site/html/ryan/images/clients/client_2.png]
[bslthemes.site/html/ryan/images/clients/client_3.png]
[bslthemes.site/html/ryan/images/clients/client_4.png]
[bslthemes.site/html/ryan/images/profile.png]
[bslthemes.site/html/ryan/images/man1.jpg]
[bslthemes.site/html/ryan/images/works/work1.jpg]
[bslthemes.site/html/ryan/images/works/work2.jpg]
[bslthemes.site/html/ryan/images/works/work3.jpg]
[bslthemes.site/html/ryan/images/works/work4.jpg]
[bslthemes.site/html/ryan/images/works/work5.jpg]
[bslthemes.site/html/ryan/images/works/work6.jpg]
[bslthemes.site/html/ryan/images/works/work8.jpg]
[bslthemes.site/html/ryan/images/works/work7.jpg]
[bslthemes.site/html/ryan/blog-post-new.html]
[bslthemes.site/html/ryan/images/blog/blog1.jpg]
[bslthemes.site/html/ryan/images/blog/blog2.jpg]
[bslthemes.site/html/ryan/images/blog/blog3.jpg]
[bslthemes.site/html/ryan/js/jquery.min.js]
[bslthemes.site/html/ryan/js/jquery.validate.js]
[bslthemes.site/html/ryan/js/jquery.magnific-popup.js]
[bslthemes.site/html/ryan/js/imagesloaded.pkgd.js]
[bslthemes.site/html/ryan/js/isotope.pkgd.js]
[bslthemes.site/html/ryan/js/jquery.slimscroll.js]
[bslthemes.site/html/ryan/js/owl.carousel.js]
[bslthemes.site/html/ryan/js/typed.js]
[use.fontawesome.com/8da76d029b.js]
[bslthemes.site/html/ryan/index-new-demo-1.html]
[bslthemes.site/html/ryan/css/basic.css]
[bslthemes.site/html/ryan/js/scripts.js]
[bslthemes.site/html/ryan/images/quote.svg]
[bslthemes.site/html/ryan/images/android-search.png]
[bslthemes.site/html/ryan/css/layout.css]
[bslthemes.site/html/ryan/css/blogs.css]
[bslthemes.site/html/ryan/fonts/ionicons790f.eot]
[bslthemes.site/html/ryan/fonts/ionicons790f.ttf]
[bslthemes.site/html/ryan/fonts/ionicons790f.woff]
[bslthemes.site/html/ryan/css/ionicons.css]
[bslthemes.site/html/ryan/css/magnific-popup.css]
[bslthemes.site/html/ryan/css/animate.css]
[bslthemes.site/html/ryan/fonts/ionicons790f.svg]
[bslthemes.site/html/ryan/css/owl.video.play.png]
[bslthemes.site/html/ryan/css/owl.carousel.css]
[bslthemes.site/html/ryan/css/gradient.css]
[bslthemes.site/html/ryan/images/pag.png]
[bslthemes.site/html/ryan/css/new-skin/new-skin.css]
[bslthemes.site/html/ryan/css/demos/demo-1-colors.css]
[bslthemes.site/html/ryan/blog-post-new.html]
[bslthemes.site/html/ryan/images/quote.svg]
[bslthemes.site/html/ryan/fonts/ionicons790f.svg]
[bslthemes.site/html/ryan/css/owl.video.play.html]
